Lmod has detected the following error: The following module(s) are unknown:
"load"

Please check the spelling or version number. Also try "module spider ..."
It is also possible your cache file is out-of-date; it may help to try:
  $ module --ignore_cache load "load"

Also make sure that all modulefiles written in TCL start with the string
#%Module



Looking in links: /cvmfs/soft.computecanada.ca/custom/python/wheelhouse/gentoo2023/x86-64-v4, /cvmfs/soft.computecanada.ca/custom/python/wheelhouse/gentoo2023/x86-64-v3, /cvmfs/soft.computecanada.ca/custom/python/wheelhouse/gentoo2023/generic, /cvmfs/soft.computecanada.ca/custom/python/wheelhouse/generic
Requirement already satisfied: torch in /home/moctard/miniconda3/envs/scrna/lib/python3.8/site-packages (2.4.1)
Requirement already satisfied: filelock in /home/moctard/miniconda3/envs/scrna/lib/python3.8/site-packages (from torch) (3.16.1+computecanada)
Requirement already satisfied: typing-extensions>=4.8.0 in /home/moctard/miniconda3/envs/scrna/lib/python3.8/site-packages (from torch) (4.13.2+computecanada)
Requirement already satisfied: sympy in /home/moctard/miniconda3/envs/scrna/lib/python3.8/site-packages (from torch) (1.13.2)
Requirement already satisfied: networkx in /home/moctard/miniconda3/envs/scrna/lib/python3.8/site-packages (from torch) (3.1)
Requirement already satisfied: jinja2 in /home/moctard/miniconda3/envs/scrna/lib/python3.8/site-packages (from torch) (3.1.4)
Requirement already satisfied: fsspec in /home/moctard/miniconda3/envs/scrna/lib/python3.8/site-packages (from torch) (2024.6.1)
Requirement already satisfied: MarkupSafe>=2.0 in /home/moctard/miniconda3/envs/scrna/lib/python3.8/site-packages (from jinja2->torch) (2.1.3)
Requirement already satisfied: mpmath<1.4,>=1.1.0 in /home/moctard/miniconda3/envs/scrna/lib/python3.8/site-packages (from sympy->torch) (1.3.0)
Looking in links: /cvmfs/soft.computecanada.ca/custom/python/wheelhouse/gentoo2023/x86-64-v4, /cvmfs/soft.computecanada.ca/custom/python/wheelhouse/gentoo2023/x86-64-v3, /cvmfs/soft.computecanada.ca/custom/python/wheelhouse/gentoo2023/generic, /cvmfs/soft.computecanada.ca/custom/python/wheelhouse/generic
Requirement already satisfied: scanpy in /home/moctard/miniconda3/envs/scrna/lib/python3.8/site-packages (1.9.8+computecanada)
Requirement already satisfied: anndata>=0.7.4 in /home/moctard/miniconda3/envs/scrna/lib/python3.8/site-packages (from scanpy) (0.9.2)
Requirement already satisfied: get-annotations in /home/moctard/miniconda3/envs/scrna/lib/python3.8/site-packages (from scanpy) (0.1.2)
Requirement already satisfied: h5py>=3 in /home/moctard/miniconda3/envs/scrna/lib/python3.8/site-packages (from scanpy) (3.11.0)
Requirement already satisfied: joblib in /home/moctard/miniconda3/envs/scrna/lib/python3.8/site-packages (from scanpy) (1.4.2)
Requirement already satisfied: matplotlib>=3.6 in /home/moctard/miniconda3/envs/scrna/lib/python3.8/site-packages (from scanpy) (3.7.2)
Requirement already satisfied: natsort in /home/moctard/miniconda3/envs/scrna/lib/python3.8/site-packages (from scanpy) (8.4.0+computecanada)
Requirement already satisfied: networkx>=2.3 in /home/moctard/miniconda3/envs/scrna/lib/python3.8/site-packages (from scanpy) (3.1)
Requirement already satisfied: numba>=0.41.0 in /home/moctard/miniconda3/envs/scrna/lib/python3.8/site-packages (from scanpy) (0.58.1)
Requirement already satisfied: numpy>=1.17.0 in /home/moctard/miniconda3/envs/scrna/lib/python3.8/site-packages (from scanpy) (1.24.3)
Requirement already satisfied: packaging in /home/moctard/miniconda3/envs/scrna/lib/python3.8/site-packages (from scanpy) (24.1)
Requirement already satisfied: pandas!=2.1.2,>=1.1.1 in /home/moctard/miniconda3/envs/scrna/lib/python3.8/site-packages (from scanpy) (2.0.3)
Requirement already satisfied: patsy in /home/moctard/miniconda3/envs/scrna/lib/python3.8/site-packages (from scanpy) (0.5.6)
Requirement already satisfied: scikit-learn>=0.24 in /home/moctard/miniconda3/envs/scrna/lib/python3.8/site-packages (from scanpy) (1.3.0)
Requirement already satisfied: scipy>=1.4 in /home/moctard/miniconda3/envs/scrna/lib/python3.8/site-packages (from scanpy) (1.9.1)
Requirement already satisfied: seaborn>=0.13.0 in /home/moctard/miniconda3/envs/scrna/lib/python3.8/site-packages (from scanpy) (0.13.2)
Requirement already satisfied: session-info in /home/moctard/miniconda3/envs/scrna/lib/python3.8/site-packages (from scanpy) (1.0.1+computecanada)
Requirement already satisfied: statsmodels>=0.10.0rc2 in /home/moctard/miniconda3/envs/scrna/lib/python3.8/site-packages (from scanpy) (0.14.0)
Requirement already satisfied: tqdm in /home/moctard/miniconda3/envs/scrna/lib/python3.8/site-packages (from scanpy) (4.66.5)
Requirement already satisfied: umap-learn>=0.3.10 in /home/moctard/miniconda3/envs/scrna/lib/python3.8/site-packages (from scanpy) (0.5.7+computecanada)
Requirement already satisfied: contourpy>=1.0.1 in /home/moctard/miniconda3/envs/scrna/lib/python3.8/site-packages (from matplotlib>=3.6->scanpy) (1.0.5)
Requirement already satisfied: cycler>=0.10 in /home/moctard/miniconda3/envs/scrna/lib/python3.8/site-packages (from matplotlib>=3.6->scanpy) (0.11.0)
Requirement already satisfied: fonttools>=4.22.0 in /home/moctard/miniconda3/envs/scrna/lib/python3.8/site-packages (from matplotlib>=3.6->scanpy) (4.51.0)
Requirement already satisfied: kiwisolver>=1.0.1 in /home/moctard/miniconda3/envs/scrna/lib/python3.8/site-packages (from matplotlib>=3.6->scanpy) (1.4.4)
Requirement already satisfied: pillow>=6.2.0 in /home/moctard/miniconda3/envs/scrna/lib/python3.8/site-packages (from matplotlib>=3.6->scanpy) (10.4.0)
Requirement already satisfied: pyparsing<3.1,>=2.3.1 in /home/moctard/miniconda3/envs/scrna/lib/python3.8/site-packages (from matplotlib>=3.6->scanpy) (3.0.9)
Requirement already satisfied: python-dateutil>=2.7 in /home/moctard/miniconda3/envs/scrna/lib/python3.8/site-packages (from matplotlib>=3.6->scanpy) (2.9.0.post0)
Requirement already satisfied: importlib-resources>=3.2.0 in /home/moctard/miniconda3/envs/scrna/lib/python3.8/site-packages (from matplotlib>=3.6->scanpy) (6.4.0)
Requirement already satisfied: llvmlite<0.42,>=0.41.0dev0 in /home/moctard/miniconda3/envs/scrna/lib/python3.8/site-packages (from numba>=0.41.0->scanpy) (0.41.0)
Requirement already satisfied: importlib-metadata in /home/moctard/miniconda3/envs/scrna/lib/python3.8/site-packages (from numba>=0.41.0->scanpy) (7.0.1)
Requirement already satisfied: pytz>=2020.1 in /home/moctard/miniconda3/envs/scrna/lib/python3.8/site-packages (from pandas!=2.1.2,>=1.1.1->scanpy) (2024.1)
Requirement already satisfied: tzdata>=2022.1 in /home/moctard/miniconda3/envs/scrna/lib/python3.8/site-packages (from pandas!=2.1.2,>=1.1.1->scanpy) (2023.3)
Requirement already satisfied: threadpoolctl>=2.0.0 in /home/moctard/miniconda3/envs/scrna/lib/python3.8/site-packages (from scikit-learn>=0.24->scanpy) (3.5.0)
Requirement already satisfied: six in /home/moctard/miniconda3/envs/scrna/lib/python3.8/site-packages (from patsy->scanpy) (1.16.0)
Requirement already satisfied: pynndescent>=0.5 in /home/moctard/miniconda3/envs/scrna/lib/python3.8/site-packages (from umap-learn>=0.3.10->scanpy) (0.6.0+computecanada)
Requirement already satisfied: stdlib_list in /home/moctard/miniconda3/envs/scrna/lib/python3.8/site-packages (from session-info->scanpy) (0.10.0+computecanada)
Requirement already satisfied: zipp>=3.1.0 in /home/moctard/miniconda3/envs/scrna/lib/python3.8/site-packages (from importlib-resources>=3.2.0->matplotlib>=3.6->scanpy) (3.17.0)
Using CUDA GPU: NVIDIA H100 80GB HBM3 MIG 3g.40gb
Code running on device: cpu using Klein dataset

=========
  Dataset  : Klein
  Data path: ./data/Klein
=========

Cell indices are aligned in the two files
X shape: (2717, 2000) (2717 cells, 2000 genes)
Number of clusters: 4
Cluster distribution saved to: ./data/Klein/cluster_distribution.xlsx
[1] Input:  2717 cells × 2000 genes
[2] Post-QC: 2717 cells × 2000 genes
[3] Normalization applied: library-size (target=1e4) + log1p
[4] HVGs selected: 1200
[5] kNN graph built (k=5, pcs=15)

── PyG Graph Summary ──────────────────────
  Nodes (cells)  : 2717
  Node features  : 1200  (HVGs)
  Edges          : 16510
  Classes        : 4  → [1, 2, 3, 4]
  Normalized     : True
───────────────────────────────────────────

Graph: 2717 nodes | 1200 features | 16510 edges | 4 clusters

=======================================================
  Config
=======================================================
  dataset              : Klein
  data_path            : None
  n_top_genes          : 1200
  n_neighbors          : 5
  n_pcs                : 15
  save_path            : ./results/
  embedding_size       : 512
  hidden_channels      : 128
  gmcm_dim             : 32
  activation           : Tanh
  min_clamp_mean       : 1e-05
  max_clamp_mean       : 1000000.0
  min_clamp_dis        : 0.0001
  max_clamp_dis        : 10000.0
  epochs               : 350
  lr                   : 0.0001
  wd                   : 0.001
  dropout              : 0.1
  momentum             : 0.9
  optimizer            : Adam
  tau_rank             : 0.1
  seed                 : 8
=======================================================

0 644.6979370117188
20 607.8685302734375
40 601.4164428710938
60 594.5419921875
80 585.594970703125
100 576.5164794921875
120 568.1563110351562
140 560.262451171875
160 552.6510009765625
180 545.214599609375
200 537.903564453125
220 530.632080078125
240 523.4179077148438
260 516.2320556640625
280 509.0620422363281
300 501.88525390625
320 494.7044982910156
340 487.50958251953125
ACC=0.3434, ARI=0.0000, NMI=0.0000
